CREATE FUNCTION julia_char()
RETURNS CHAR AS $$
    "char"
$$ LANGUAGE pljulia;
SELECT julia_char();
 julia_char 
------------
 char
(1 row)

DROP FUNCTION julia_char();
