CREATE FUNCTION julia_increment(x INTEGER)
RETURNS SMALLINT AS $$
    x + 1
$$ LANGUAGE pljulia;
SELECT julia_increment(1);
 julia_increment 
-----------------
               2
(1 row)

DROP FUNCTION julia_increment(x INTEGER);
