CREATE FUNCTION julia_text()
RETURNS TEXT AS $$
    "text"
$$ LANGUAGE pljulia;
SELECT julia_text();
 julia_text 
------------
 text
(1 row)

DROP FUNCTION julia_text();
