CREATE FUNCTION julia_sqrt(x INTEGER)
RETURNS NUMERIC AS $$
    sqrt(x)
$$ LANGUAGE pljulia;
SELECT julia_sqrt(2);
 julia_sqrt 
------------
   1.414214
(1 row)

DROP FUNCTION julia_sqrt(x INTEGER);
